2026-09-14 22:06:57.881757: E external/local_xla/xla/stream_executor/cuda/cuda_fft.cc:477] Unable to register cuFFT factory: Attempting to register factory for plugin cuFFT when one has already been registered
WARNING: All log messages before absl::InitializeLog() is called are written to STDERR
E0000 00:00:1789420018.174118 2791643 cuda_dnn.cc:8310] Unable to register cuDNN factory: Attempting to register factory for plugin cuDNN when one has already been registered
E0000 00:00:1789420018.291343 2791643 cuda_blas.cc:1418] Unable to register cuBLAS factory: Attempting to register factory for plugin cuBLAS when one has already been registered
2026-09-14 22:06:58.785131: I tensorflow/core/platform/cpu_feature_guard.cc:210] This TensorFlow binary is optimized to use available CPU instructions in performance-critical operations.
To enable the following instructions: AVX2 FMA, in other operations, rebuild TensorFlow with the appropriate compiler flags.
Device: cpu
/home/maroua/chehab-unified/RL/fhe_rl/gnn_embeddings.py:28: FutureWarning: You are using `torch.load` with `weights_only=False` (the current default value), which uses the default pickle module implicitly. It is possible to construct malicious pickle data which will execute arbitrary code during unpickling (See https://github.com/pytorch/pytorch/blob/main/SECURITY.md#untrusted-models for more details). In a future release, the default value for `weights_only` will be flipped to `True`. This limits the functions that could be executed during unpickling. Arbitrary objects will no longer be allowed to be loaded via this mode unless they are explicitly allowlisted by the user via `torch.serialization.add_safe_globals`. We recommend you start setting `weights_only=True` for any use case where you don't have full control of the loaded file. Please open an issue on GitHub for any issues related to this experimental feature.
  state_dict = torch.load(model_path, map_location=self.device)
[FHE Embedding] Loading model from /home/maroua/chehab-unified/RL/fhe_rl/trained_models/embeddings_gnn_model_epoch_100.pth...
[FHE Embedding] Model loaded and frozen successfully.
Number of unique valid expressions (excluding validation): 43
Number of unique valid expressions (excluding validation): 11
2026-09-14 22:07:20.736607: E external/local_xla/xla/stream_executor/cuda/cuda_fft.cc:477] Unable to register cuFFT factory: Attempting to register factory for plugin cuFFT when one has already been registered
WARNING: All log messages before absl::InitializeLog() is called are written to STDERR
E0000 00:00:1789420040.774995 2791690 cuda_dnn.cc:8310] Unable to register cuDNN factory: Attempting to register factory for plugin cuDNN when one has already been registered
E0000 00:00:1789420040.783788 2791690 cuda_blas.cc:1418] Unable to register cuBLAS factory: Attempting to register factory for plugin cuBLAS when one has already been registered
2026-09-14 22:07:20.822761: I tensorflow/core/platform/cpu_feature_guard.cc:210] This TensorFlow binary is optimized to use available CPU instructions in performance-critical operations.
To enable the following instructions: AVX2 FMA, in other operations, rebuild TensorFlow with the appropriate compiler flags.
2026-09-14 22:07:28.281546: E external/local_xla/xla/stream_executor/cuda/cuda_fft.cc:477] Unable to register cuFFT factory: Attempting to register factory for plugin cuFFT when one has already been registered
WARNING: All log messages before absl::InitializeLog() is called are written to STDERR
E0000 00:00:1789420048.313160 2791732 cuda_dnn.cc:8310] Unable to register cuDNN factory: Attempting to register factory for plugin cuDNN when one has already been registered
E0000 00:00:1789420048.325132 2791732 cuda_blas.cc:1418] Unable to register cuBLAS factory: Attempting to register factory for plugin cuBLAS when one has already been registered
2026-09-14 22:07:28.360884: I tensorflow/core/platform/cpu_feature_guard.cc:210] This TensorFlow binary is optimized to use available CPU instructions in performance-critical operations.
To enable the following instructions: AVX2 FMA, in other operations, rebuild TensorFlow with the appropriate compiler flags.
Device: cpu
Process SpawnProcess-1:
Traceback (most recent call last):
  File "/home/maroua/miniconda3/envs/chehabEnv/lib/python3.12/multiprocessing/process.py", line 314, in _bootstrap
    self.run()
  File "/home/maroua/miniconda3/envs/chehabEnv/lib/python3.12/multiprocessing/process.py", line 108, in run
    self._target(*self._args, **self._kwargs)
  File "/home/maroua/miniconda3/envs/chehabEnv/lib/python3.12/site-packages/stable_baselines3/common/vec_env/subproc_vec_env.py", line 29, in _worker
    env = _patch_env(env_fn_wrapper.var())
                     ^^^^^^^^^^^^^^^^^^^^
  File "/home/maroua/chehab-unified/RL/fhe_rl/train.py", line 92, in _init
    env = PIDLagrangianWrapper(env)
          ^^^^^^^^^^^^^^^^^^^^^^^^^
  File "/home/maroua/chehab-unified/RL/fhe_rl/algos/lagrangian_pid.py", line 39, in __init__
    super().__init__(venv)
  File "/home/maroua/miniconda3/envs/chehabEnv/lib/python3.12/site-packages/stable_baselines3/common/vec_env/base_vec_env.py", line 378, in __init__
    num_envs=venv.num_envs,
             ^^^^^^^^^^^^^
AttributeError: 'fheEnv' object has no attribute 'num_envs'
Traceback (most recent call last):
  File "<frozen runpy>", line 198, in _run_module_as_main
  File "<frozen runpy>", line 88, in _run_code
  File "/home/maroua/chehab-unified/RL/fhe_rl/__main__.py", line 282, in <module>
    main()
  File "/home/maroua/chehab-unified/RL/fhe_rl/__main__.py", line 214, in main
    train_agent(
  File "/home/maroua/chehab-unified/RL/fhe_rl/train.py", line 96, in train_agent
    env = SubprocVecEnv([make_env(i, expressions) for i in range(num_envs)], start_method='spawn')
          ^^^^^^^^^^^^^^^^^^^^^^^^^^^^^^^^^^^^^^^^^^^^^^^^^^^^^^^^^^^^^^^^^^^^^^^^^^^^^^^^^^^^^^^^
  File "/home/maroua/miniconda3/envs/chehabEnv/lib/python3.12/site-packages/stable_baselines3/common/vec_env/subproc_vec_env.py", line 126, in __init__
    self.remotes[0].send(("get_spaces", None))
  File "/home/maroua/miniconda3/envs/chehabEnv/lib/python3.12/multiprocessing/connection.py", line 206, in send
    self._send_bytes(_ForkingPickler.dumps(obj))
  File "/home/maroua/miniconda3/envs/chehabEnv/lib/python3.12/multiprocessing/connection.py", line 427, in _send_bytes
    self._send(header + buf)
  File "/home/maroua/miniconda3/envs/chehabEnv/lib/python3.12/multiprocessing/connection.py", line 384, in _send
    n = write(self._handle, buf)
        ^^^^^^^^^^^^^^^^^^^^^^^^
BrokenPipeError: [Errno 32] Broken pipe
