[veclang_runner] ../vectorized_code.txt size=1021 bytes
[veclang_runner] ../inputs.txt size=48 bytes
[veclang_runner] fhe_io_example.txt size=88 bytes
[veclang_runner] create_func done
==> stop_reached : 1 
===> First_Step_FVC : 
===> Second_Step_FVC : 
===> Third_Step_FVC : 
==> stop_reached : 1 
[veclang_runner] format_vectorized_code done, terms=15
[veclang_runner] generating Lattigo code...
lattigo_output: generated_fhe.go
----------------------------------------------------------------------------------------------------
global_metrics
global_metrics not computed
----------------------------------------------------------------------------------------------------
depth_metrics
ctxt_leaves_*: (depth, xdepth)
max: (7, 3)
avg: (7, 3)
min: (7, 3)
----------------------------------------------------------------------------------------------------
terms_classes_metrics
|terms|: 15
captured_terms: 15 (100%)
|ctxt_inputs|: 1
|ptxt_leaves|: 4
|constants|: 0
|ptxt_ptxt_ops|: 0
|constants_ops|: 0
operations_static_cost: 3.64
----------------------------------------------------------------------------------------------------
|mul| (level, arg1_size, arg2_size): count
(L-0, 2, 3): 1
(L-0, 2, 2): 1
(L-0, 3, 3): 1
total: 3
----------------------------------------------------------------------------------------------------
|square| (level, arg_size): count
total: 0
----------------------------------------------------------------------------------------------------
|encrypt|: 0
----------------------------------------------------------------------------------------------------
|relin| (level, arg_size): count
total: 0
----------------------------------------------------------------------------------------------------
|rotate| (level, arg_size): count
total: 0
----------------------------------------------------------------------------------------------------
|mul_plain| (level, ctxt_arg_size): count
(L-0, 2): 1
(L-0, 4): 1
(L-0, 3): 1
total: 3
----------------------------------------------------------------------------------------------------
|mul_scalar| (level, ctxt_arg_size): count
total: 0
----------------------------------------------------------------------------------------------------
|mul_non_scalar| (level, ctxt_arg_size): count
(L-0, 2): 1
(L-0, 4): 1
(L-0, 3): 1
total: 3
----------------------------------------------------------------------------------------------------
|mod_switch| (level, arg_size): count
total: 0
----------------------------------------------------------------------------------------------------
|rescale| (level, arg_size): count
total: 0
----------------------------------------------------------------------------------------------------
|he_add| (level, max_args_size): count
(L-0, 5): 4
total: 4
----------------------------------------------------------------------------------------------------
|rotation_keys|: 0
|relin_keys|: 0
