[veclang_runner] ../vectorized_code.txt size=6293 bytes
[veclang_runner] ../inputs.txt size=312 bytes
[veclang_runner] fhe_io_example.txt size=468 bytes
[veclang_runner] create_func done
==> stop_reached : 1 
===> First_Step_FVC : 
===> Second_Step_FVC : 
===> Third_Step_FVC : 
==> stop_reached : 1 
[veclang_runner] format_vectorized_code done, terms=64
[veclang_runner] generating Lattigo code...
lattigo_output: generated_fhe.go
----------------------------------------------------------------------------------------------------
global_metrics
global_metrics not computed
----------------------------------------------------------------------------------------------------
depth_metrics
ctxt_leaves_*: (depth, xdepth)
max: (8, 4)
avg: (7.33333, 3.66667)
min: (4, 2)
----------------------------------------------------------------------------------------------------
terms_classes_metrics
|terms|: 64
captured_terms: 64 (100%)
|ctxt_inputs|: 24
|ptxt_leaves|: 0
|constants|: 0
|ptxt_ptxt_ops|: 0
|constants_ops|: 0
operations_static_cost: 25.15
----------------------------------------------------------------------------------------------------
|mul| (level, arg1_size, arg2_size): count
(L-0, 2, 5): 4
(L-0, 2, 2): 16
(L-0, 6, 6): 1
(L-0, 3, 3): 4
total: 25
----------------------------------------------------------------------------------------------------
|square| (level, arg_size): count
total: 0
----------------------------------------------------------------------------------------------------
|encrypt|: 0
----------------------------------------------------------------------------------------------------
|relin| (level, arg_size): count
total: 0
----------------------------------------------------------------------------------------------------
|rotate| (level, arg_size): count
total: 0
----------------------------------------------------------------------------------------------------
|mul_plain| (level, ctxt_arg_size): count
total: 0
----------------------------------------------------------------------------------------------------
|mul_scalar| (level, ctxt_arg_size): count
total: 0
----------------------------------------------------------------------------------------------------
|mul_non_scalar| (level, ctxt_arg_size): count
total: 0
----------------------------------------------------------------------------------------------------
|mod_switch| (level, arg_size): count
total: 0
----------------------------------------------------------------------------------------------------
|rescale| (level, arg_size): count
total: 0
----------------------------------------------------------------------------------------------------
|he_add| (level, max_args_size): count
(L-0, 6): 3
(L-0, 3): 12
total: 15
----------------------------------------------------------------------------------------------------
|rotation_keys|: 0
|relin_keys|: 0
