Creating multi-layer convolution: 2 layers
Image: 12x12, Kernel: 3x3
  Layer 1: 12x12 -> 10x10 (depth += ~10)
  Layer 2: 10x10 -> 8x8 (depth += ~10)

==> Applying TRS simplification...
==> greedy TRS part : 
Run simplification TRS ===> 

==> Expression statistics:
----------------------------------------------------------------------------------------------------
global_metrics
global_metrics not computed
----------------------------------------------------------------------------------------------------
depth_metrics
ctxt_leaves_*: (depth, xdepth)
max: (20, 4)
avg: (17.0247, 3.88889)
min: (3, 2)
----------------------------------------------------------------------------------------------------
terms_classes_metrics
|terms|: 3114
captured_terms: 3114 (100%)
|ctxt_inputs|: 162
|ptxt_leaves|: 0
|constants|: 0
|ptxt_ptxt_ops|: 0
|constants_ops|: 0
operations_static_cost: 1653.12
----------------------------------------------------------------------------------------------------
|mul| (level, arg1_size, arg2_size): count
(L-0, 2, 5): 576
(L-0, 2, 2): 900
(L-0, 6, 6): 64
(L-0, 3, 3): 100
total: 1640
----------------------------------------------------------------------------------------------------
|square| (level, arg_size): count
total: 0
----------------------------------------------------------------------------------------------------
|encrypt|: 0
----------------------------------------------------------------------------------------------------
|relin| (level, arg_size): count
total: 0
----------------------------------------------------------------------------------------------------
|rotate| (level, arg_size): count
total: 0
----------------------------------------------------------------------------------------------------
|mul_plain| (level, ctxt_arg_size): count
total: 0
----------------------------------------------------------------------------------------------------
|mul_scalar| (level, ctxt_arg_size): count
total: 0
----------------------------------------------------------------------------------------------------
|mul_non_scalar| (level, ctxt_arg_size): count
total: 0
----------------------------------------------------------------------------------------------------
|mod_switch| (level, arg_size): count
total: 0
----------------------------------------------------------------------------------------------------
|rescale| (level, arg_size): count
total: 0
----------------------------------------------------------------------------------------------------
|he_add| (level, max_args_size): count
(L-0, 6): 512
(L-0, 3): 800
total: 1312
----------------------------------------------------------------------------------------------------
|rotation_keys|: 0
|relin_keys|: 0

==> Generating Lattigo code with CKKS management...

=== Results ===
Compilation completed in 198 ms
Generated: generated_deep_conv.go

To run: cd to lattigo_backend && go run generated_deep_conv.go
