Creating multi-layer convolution: 2 layers
Image: 5x5, Kernel: 2x2
  Layer 1: 5x5 -> 4x4 (depth += ~5)
  Layer 2: 4x4 -> 3x3 (depth += ~5)

==> Applying TRS simplification...
==> greedy TRS part : 
Run simplification TRS ===> 

==> Expression statistics:
----------------------------------------------------------------------------------------------------
global_metrics
global_metrics not computed
----------------------------------------------------------------------------------------------------
depth_metrics
ctxt_leaves_*: (depth, xdepth)
max: (10, 4)
avg: (8.63636, 3.75758)
min: (3, 2)
----------------------------------------------------------------------------------------------------
terms_classes_metrics
|terms|: 233
captured_terms: 233 (100%)
|ctxt_inputs|: 33
|ptxt_leaves|: 0
|constants|: 0
|ptxt_ptxt_ops|: 0
|constants_ops|: 0
operations_static_cost: 125.75
----------------------------------------------------------------------------------------------------
|mul| (level, arg1_size, arg2_size): count
(L-0, 2, 5): 36
(L-0, 2, 2): 64
(L-0, 6, 6): 9
(L-0, 3, 3): 16
total: 125
----------------------------------------------------------------------------------------------------
|square| (level, arg_size): count
total: 0
----------------------------------------------------------------------------------------------------
|encrypt|: 0
----------------------------------------------------------------------------------------------------
|relin| (level, arg_size): count
total: 0
----------------------------------------------------------------------------------------------------
|rotate| (level, arg_size): count
total: 0
----------------------------------------------------------------------------------------------------
|mul_plain| (level, ctxt_arg_size): count
total: 0
----------------------------------------------------------------------------------------------------
|mul_scalar| (level, ctxt_arg_size): count
total: 0
----------------------------------------------------------------------------------------------------
|mul_non_scalar| (level, ctxt_arg_size): count
total: 0
----------------------------------------------------------------------------------------------------
|mod_switch| (level, arg_size): count
total: 0
----------------------------------------------------------------------------------------------------
|rescale| (level, arg_size): count
total: 0
----------------------------------------------------------------------------------------------------
|he_add| (level, max_args_size): count
(L-0, 6): 27
(L-0, 3): 48
total: 75
----------------------------------------------------------------------------------------------------
|rotation_keys|: 0
|relin_keys|: 0

==> Generating Lattigo code with CKKS management...

=== Results ===
Compilation completed in 11 ms
Generated: generated_deep_conv.go

To run: cd to lattigo_backend && go run generated_deep_conv.go
