Creating multi-layer convolution: 3 layers
Image: 8x8, Kernel: 3x3
  Layer 1: 8x8 -> 6x6 (depth += ~10)
  Layer 2: 6x6 -> 4x4 (depth += ~10)
  Layer 3: 4x4 -> 2x2 (depth += ~10)

==> Applying TRS simplification...
==> greedy TRS part : 
Run simplification TRS ===> 

==> Expression statistics:
----------------------------------------------------------------------------------------------------
global_metrics
global_metrics not computed
----------------------------------------------------------------------------------------------------
depth_metrics
ctxt_leaves_*: (depth, xdepth)
max: (30, 6)
avg: (20.5604, 5.40659)
min: (3, 2)
----------------------------------------------------------------------------------------------------
terms_classes_metrics
|terms|: 1099
captured_terms: 1099 (100%)
|ctxt_inputs|: 91
|ptxt_leaves|: 0
|constants|: 0
|ptxt_ptxt_ops|: 0
|constants_ops|: 0
operations_static_cost: 564.48
----------------------------------------------------------------------------------------------------
|mul| (level, arg1_size, arg2_size): count
(L-0, 12, 12): 4
(L-0, 2, 11): 36
(L-0, 6, 6): 16
(L-0, 2, 5): 144
(L-0, 3, 3): 36
(L-0, 2, 2): 324
total: 560
----------------------------------------------------------------------------------------------------
|square| (level, arg_size): count
total: 0
----------------------------------------------------------------------------------------------------
|encrypt|: 0
----------------------------------------------------------------------------------------------------
|relin| (level, arg_size): count
total: 0
----------------------------------------------------------------------------------------------------
|rotate| (level, arg_size): count
total: 0
----------------------------------------------------------------------------------------------------
|mul_plain| (level, ctxt_arg_size): count
total: 0
----------------------------------------------------------------------------------------------------
|mul_scalar| (level, ctxt_arg_size): count
total: 0
----------------------------------------------------------------------------------------------------
|mul_non_scalar| (level, ctxt_arg_size): count
total: 0
----------------------------------------------------------------------------------------------------
|mod_switch| (level, arg_size): count
total: 0
----------------------------------------------------------------------------------------------------
|rescale| (level, arg_size): count
total: 0
----------------------------------------------------------------------------------------------------
|he_add| (level, max_args_size): count
(L-0, 6): 128
(L-0, 12): 32
(L-0, 3): 288
total: 448
----------------------------------------------------------------------------------------------------
|rotation_keys|: 0
|relin_keys|: 0

==> Generating Lattigo code with CKKS management...

=== Results ===
Compilation completed in 11 ms
Generated: generated_deep_conv.go

To run: cd to lattigo_backend && go run generated_deep_conv.go
