Creating deep linear chain: 2 layers
Vector size: 16
  Layer 1 completed
  Layer 2 completed

==> Applying TRS simplification...
==> greedy TRS part : 
Run simplification TRS ===> 

==> Expression statistics:
----------------------------------------------------------------------------------------------------
global_metrics
global_metrics not computed
----------------------------------------------------------------------------------------------------
depth_metrics
ctxt_leaves_*: (depth, xdepth)
max: (34, 4)
avg: (16.0133, 3.0303)
min: (3, 2)
----------------------------------------------------------------------------------------------------
terms_classes_metrics
|terms|: 1552
captured_terms: 1552 (100%)
|ctxt_inputs|: 528
|ptxt_leaves|: 0
|constants|: 0
|ptxt_ptxt_ops|: 0
|constants_ops|: 0
operations_static_cost: 548.8
----------------------------------------------------------------------------------------------------
|mul| (level, arg1_size, arg2_size): count
(L-0, 2, 5): 256
(L-0, 2, 2): 256
(L-0, 6, 6): 16
(L-0, 3, 3): 16
total: 544
----------------------------------------------------------------------------------------------------
|square| (level, arg_size): count
total: 0
----------------------------------------------------------------------------------------------------
|encrypt|: 0
----------------------------------------------------------------------------------------------------
|relin| (level, arg_size): count
total: 0
----------------------------------------------------------------------------------------------------
|rotate| (level, arg_size): count
total: 0
----------------------------------------------------------------------------------------------------
|mul_plain| (level, ctxt_arg_size): count
total: 0
----------------------------------------------------------------------------------------------------
|mul_scalar| (level, ctxt_arg_size): count
total: 0
----------------------------------------------------------------------------------------------------
|mul_non_scalar| (level, ctxt_arg_size): count
total: 0
----------------------------------------------------------------------------------------------------
|mod_switch| (level, arg_size): count
total: 0
----------------------------------------------------------------------------------------------------
|rescale| (level, arg_size): count
total: 0
----------------------------------------------------------------------------------------------------
|he_add| (level, max_args_size): count
(L-0, 6): 240
(L-0, 3): 240
total: 480
----------------------------------------------------------------------------------------------------
|rotation_keys|: 0
|relin_keys|: 0

==> Generating Lattigo code with CKKS management...

=== Results ===
Compilation completed in 50 ms
Generated: generated_deep_linear.go

To run: cd to lattigo_backend && go run generated_deep_linear.go
