Creating deep linear chain: 2 layers
Vector size: 32
  Layer 1 completed
  Layer 2 completed

==> Applying TRS simplification...
==> greedy TRS part : 
Run simplification TRS ===> 

==> Expression statistics:
----------------------------------------------------------------------------------------------------
global_metrics
global_metrics not computed
----------------------------------------------------------------------------------------------------
depth_metrics
ctxt_leaves_*: (depth, xdepth)
max: (66, 4)
avg: (28.0688, 3.01538)
min: (3, 2)
----------------------------------------------------------------------------------------------------
terms_classes_metrics
|terms|: 6176
captured_terms: 6176 (100%)
|ctxt_inputs|: 2080
|ptxt_leaves|: 0
|constants|: 0
|ptxt_ptxt_ops|: 0
|constants_ops|: 0
operations_static_cost: 2131.84
----------------------------------------------------------------------------------------------------
|mul| (level, arg1_size, arg2_size): count
(L-0, 2, 5): 1024
(L-0, 2, 2): 1024
(L-0, 6, 6): 32
(L-0, 3, 3): 32
total: 2112
----------------------------------------------------------------------------------------------------
|square| (level, arg_size): count
total: 0
----------------------------------------------------------------------------------------------------
|encrypt|: 0
----------------------------------------------------------------------------------------------------
|relin| (level, arg_size): count
total: 0
----------------------------------------------------------------------------------------------------
|rotate| (level, arg_size): count
total: 0
----------------------------------------------------------------------------------------------------
|mul_plain| (level, ctxt_arg_size): count
total: 0
----------------------------------------------------------------------------------------------------
|mul_scalar| (level, ctxt_arg_size): count
total: 0
----------------------------------------------------------------------------------------------------
|mul_non_scalar| (level, ctxt_arg_size): count
total: 0
----------------------------------------------------------------------------------------------------
|mod_switch| (level, arg_size): count
total: 0
----------------------------------------------------------------------------------------------------
|rescale| (level, arg_size): count
total: 0
----------------------------------------------------------------------------------------------------
|he_add| (level, max_args_size): count
(L-0, 6): 992
(L-0, 3): 992
total: 1984
----------------------------------------------------------------------------------------------------
|rotation_keys|: 0
|relin_keys|: 0

==> Generating Lattigo code with CKKS management...

=== Results ===
Compilation completed in 202 ms
Generated: generated_deep_linear.go

To run: cd to lattigo_backend && go run generated_deep_linear.go
