Creating deep polynomial chain: depth=5
This will compute x^(2^5)
  After squaring 1: x^(2^1)
  After squaring 2: x^(2^2)
  After squaring 3: x^(2^3)
  After squaring 4: x^(2^4)
  After squaring 5: x^(2^5)

==> Applying TRS simplification...
==> greedy TRS part : 
Run simplification TRS ===> 

==> Expression statistics:
----------------------------------------------------------------------------------------------------
global_metrics
global_metrics not computed
----------------------------------------------------------------------------------------------------
depth_metrics
ctxt_leaves_*: (depth, xdepth)
max: (5, 5)
avg: (5, 5)
min: (5, 5)
----------------------------------------------------------------------------------------------------
terms_classes_metrics
|terms|: 6
captured_terms: 6 (100%)
|ctxt_inputs|: 1
|ptxt_leaves|: 0
|constants|: 0
|ptxt_ptxt_ops|: 0
|constants_ops|: 0
operations_static_cost: 5
----------------------------------------------------------------------------------------------------
|mul| (level, arg1_size, arg2_size): count
(L-0, 9, 9): 1
(L-0, 5, 5): 1
(L-0, 17, 17): 1
(L-0, 2, 2): 1
(L-0, 3, 3): 1
total: 5
----------------------------------------------------------------------------------------------------
|square| (level, arg_size): count
total: 0
----------------------------------------------------------------------------------------------------
|encrypt|: 0
----------------------------------------------------------------------------------------------------
|relin| (level, arg_size): count
total: 0
----------------------------------------------------------------------------------------------------
|rotate| (level, arg_size): count
total: 0
----------------------------------------------------------------------------------------------------
|mul_plain| (level, ctxt_arg_size): count
total: 0
----------------------------------------------------------------------------------------------------
|mul_scalar| (level, ctxt_arg_size): count
total: 0
----------------------------------------------------------------------------------------------------
|mul_non_scalar| (level, ctxt_arg_size): count
total: 0
----------------------------------------------------------------------------------------------------
|mod_switch| (level, arg_size): count
total: 0
----------------------------------------------------------------------------------------------------
|rescale| (level, arg_size): count
total: 0
----------------------------------------------------------------------------------------------------
|he_add| (level, max_args_size): count
total: 0
----------------------------------------------------------------------------------------------------
|rotation_keys|: 0
|relin_keys|: 0

==> Generating Lattigo code with CKKS management...

=== Results ===
Compilation completed in 1 ms
Generated: generated_deep_poly.go

To run: cd to lattigo_backend && go run generated_deep_poly.go
